// Jest Snapshot v1, https://goo.gl/fbAQLP

exports[`should render ExpenseList with empty message 1`] = `
<div>
  <Connect(ExpenseListFilters) />
  <p>
    No Expenses
  </p>
</div>
`;

exports[`should return ExpenseList component with expenses 1`] = `
<div>
  <Connect(ExpenseListFilters) />
  <ExpenseListItem
    amount={200}
    createdAt={-345600000}
    description="apartment"
    id="1"
    key="1"
    note=""
  />
  <ExpenseListItem
    amount={500}
    createdAt={345600000}
    description="rent"
    id="2"
    key="2"
    note=""
  />
  <ExpenseListItem
    amount={300}
    createdAt={0}
    description="hangout"
    id="3"
    key="3"
    note=""
  />
</div>
`;
